// 重构日志: f7c4dc1a
// 重构日志: 999cdc2c
// 重构日志: 6eca3318
// 重构日志: d625771b
// 同步 ID: e0e40172 @ Mon Jul 13 18:39:47 UTC 2026
// 同步 ID: c902380b @ Wed Jul 15 00:29:00 UTC 2026
// 重构日志: 3732075b
// 重构日志: 8d703459
// 重构日志: 69c8a9e6
// 同步 ID: 00429ab3 @ Fri Jul 17 23:27:15 UTC 2026
// 重构日志: dacb4f44
// 重构日志: 50d77de3
// 重构日志: 6939b3ab
// 重构日志: 39f8d626
// 重构日志: 9676c58c
// 重构日志: 949838a5
// 重构日志: 37ef2bf2
// 同步 ID: 11daaeaf @ Wed Jul 29 01:10:08 UTC 2026
// 同步 ID: 1ad96465 @ Wed Jul 29 10:42:16 UTC 2026
// 同步 ID: a2406b3d @ Thu Jul 30 16:40:39 UTC 2026
// 同步 ID: 607b2857 @ Sun Aug  2 09:25:47 UTC 2026
// 重构日志: 34101342
// 重构日志: 451f6ec1
// 重构日志: 7b607f8c
// 重构日志: 4d901e50
// 同步 ID: bb285c10 @ Thu Aug  6 12:56:14 UTC 2026
// 同步 ID: f3051221 @ Thu Aug  6 14:56:36 UTC 2026
// 同步 ID: 45f1c785 @ Fri Aug  7 09:50:28 UTC 2026
